2026-03-19 08:31:33 WARNING  [static_analyzer:31] Unsupported programming language: HTML. Skipping.
2026-03-19 08:31:33 WARNING  [static_analyzer.typescript_config_scanner:50] No TypeScript configuration files found in E:\kilo-api
2026-03-19 08:31:33 INFO     [static_analyzer:57] No TypeScript config files found, using repository root
2026-03-19 08:31:33 INFO     [static_analyzer:141] Starting LSP client for JavaScript
2026-03-19 08:31:33 WARNING  [static_analyzer.lsp_client.typescript_client:47] node_modules not found in E:\kilo-api
2026-03-19 08:31:33 WARNING  [static_analyzer.lsp_client.typescript_client:52] package.json not found in E:\kilo-api.
2026-03-19 08:31:33 INFO     [static_analyzer.lsp_client.client:139] Starting server E:\Antigravity\Antigravity.exe C:\Users\Tym\.codeboarding\servers\node_modules\typescript-language-server\lib\cli.mjs --stdio --log-level=2...
2026-03-19 08:31:33 INFO     [static_analyzer.lsp_client.typescript_client:57] Initializing connection for javascript...
2026-03-19 08:31:33 INFO     [static_analyzer.lsp_client.typescript_client:88] Initialization successful.
2026-03-19 08:31:33 INFO     [static_analyzer.lsp_client.typescript_client:115] Found 11 TypeScript/JavaScript files
2026-03-19 08:31:33 INFO     [static_analyzer.lsp_client.typescript_client:167] Opening sample files to bootstrap TypeScript project...
2026-03-19 08:31:33 INFO     [static_analyzer.lsp_client.typescript_client:186] Waiting 8s for TypeScript server to initialize project...
2026-03-19 08:31:41 INFO     [static_analyzer.lsp_client.typescript_client:191] TypeScript project successfully loaded!
2026-03-19 08:31:41 INFO     [static_analyzer.lsp_client.client:460] Sending workspace configuration for javascript...
2026-03-19 08:31:41 INFO     [static_analyzer.lsp_client.client:468] Workspace configuration sent for javascript
2026-03-19 08:31:41 INFO     [static_analyzer:141] Starting LSP client for Python
2026-03-19 08:31:41 INFO     [static_analyzer.lsp_client.client:139] Starting server E:\Antigravity\Antigravity.exe C:\Users\Tym\.codeboarding\servers\node_modules\pyright\langserver.index.js --stdio...
2026-03-19 08:31:41 INFO     [static_analyzer.lsp_client.client:411] Initializing connection for python...
2026-03-19 08:31:42 INFO     [static_analyzer.lsp_client.client:446] Initialization successful.
2026-03-19 08:31:42 INFO     [static_analyzer.lsp_client.client:460] Sending workspace configuration for python...
2026-03-19 08:31:42 INFO     [static_analyzer.lsp_client.client:468] Workspace configuration sent for python
2026-03-19 08:31:42 INFO     [codeboarding_pro.session:108] Session 2d50fcca-7469-4c6d-acee-b13f597723bd initialized: repo=e:\kilo-api, project=kilo-api, output=e:\kilo-api\.codeboarding
